// Vitest Snapshot v1, https://vitest.dev/guide/snapshot.html

exports[`identifyCults 1`] = `
[
  {
    "associates": [
      {
        "id": "FunkyCat002 ᓚᘏᗢ",
        "name": "FunkyCat002 ᓚᘏᗢ",
      },
      {
        "id": "FunkyCat532 but not really cat",
        "name": "FunkyCat532 but not really cat",
      },
      {
        "id": "boof FunkyCat069 CuteFox069",
        "name": "boof FunkyCat069 CuteFox069",
      },
      {
        "id": "Sparky FunkyCat010⚡",
        "name": "Sparky FunkyCat010⚡",
      },
      {
        "id": "funkycat024",
        "name": "funkycat024",
      },
      {
        "id": "FunkyCatgod420 ᓚᘏᗢ",
        "name": "FunkyCatgod420 ᓚᘏᗢ",
      },
      {
        "id": "FunkyCat006 ᓚᘏᗢ",
        "name": "FunkyCat006 ᓚᘏᗢ",
      },
      {
        "id": "min funkycat042 ᓚᘏᗢ",
        "name": "min funkycat042 ᓚᘏᗢ",
      },
      {
        "id": "Haisong - FunkyCat005 ᓚᘏᗢ",
        "name": "Haisong - FunkyCat005 ᓚᘏᗢ",
      },
      {
        "id": "orchid - FunkyCat203 ᓚᘏᗢ",
        "name": "orchid - FunkyCat203 ᓚᘏᗢ",
      },
      {
        "id": "FunkyCat 690 #UwUMommyToo",
        "name": "FunkyCat 690 #UwUMommyToo",
      },
      {
        "id": "Akitti | FunkyCat013 ᓚᘏᗢ",
        "name": "Akitti | FunkyCat013 ᓚᘏᗢ",
      },
      {
        "id": "psi | FunkyCat 420",
        "name": "psi | FunkyCat 420",
      },
      {
        "id": "Crispy | FunkyCat069 ◕⩊◕",
        "name": "Crispy | FunkyCat069 ◕⩊◕",
      },
      {
        "id": "FunkyCat004 Shork",
        "name": "FunkyCat004 Shork",
      },
      {
        "id": "A.L.I.C.E | FunkyCat871",
        "name": "A.L.I.C.E | FunkyCat871",
      },
      {
        "id": "jupiter the funkycat 0010 ᓚᘏᗢ",
        "name": "jupiter the funkycat 0010 ᓚᘏᗢ",
      },
      {
        "id": "FunkyCat130.5 -Zappkin",
        "name": "FunkyCat130.5 -Zappkin",
      },
      {
        "id": "FunkyCat007 ᓚᘏᗢ",
        "name": "FunkyCat007 ᓚᘏᗢ",
      },
      {
        "id": "Val | FunkyCat(s)044 | DID sys",
        "name": "Val | FunkyCat(s)044 | DID sys",
      },
      {
        "id": "FunkyCat001 ᓚᘏᗢ",
        "name": "FunkyCat001 ᓚᘏᗢ",
      },
      {
        "id": "FunkyCat666 ᓚᘏᗢ",
        "name": "FunkyCat666 ᓚᘏᗢ",
      },
      {
        "id": "ains | funkycat050 ᓚᘏᗢ",
        "name": "ains | funkycat050 ᓚᘏᗢ",
      },
      {
        "id": "FunkyCat009ᓚᘏᗢ",
        "name": "FunkyCat009ᓚᘏᗢ",
      },
      {
        "id": "Funkycat~to2520",
        "name": "Funkycat~to2520",
      },
      {
        "id": "Orbies the FunkyCat023 ᓚᘏᗢ",
        "name": "Orbies the FunkyCat023 ᓚᘏᗢ",
      },
      {
        "id": "chartbit | FunkyCat369 ᓚᘏᗢ",
        "name": "chartbit | FunkyCat369 ᓚᘏᗢ",
      },
    ],
    "identifier": "funkycat",
    "name": "FunkyCat",
  },
  {
    "associates": [
      {
        "id": "FunkyCow ♡MooMoo♡",
        "name": "FunkyCow ♡MooMoo♡",
      },
      {
        "id": "FunkyCow69",
        "name": "FunkyCow69",
      },
      {
        "id": "FunkyCow Naekk",
        "name": "FunkyCow Naekk",
      },
      {
        "id": "FunkyCow623",
        "name": "FunkyCow623",
      },
      {
        "id": "FunkyCow(h)",
        "name": "FunkyCow(h)",
      },
      {
        "id": "FunkyCow 690 (M2A) #UrMomToo",
        "name": "FunkyCow 690 (M2A) #UrMomToo",
      },
      {
        "id": "FunkyCow709",
        "name": "FunkyCow709",
      },
    ],
    "identifier": "funkycow",
    "name": "FunkyCow",
  },
  {
    "associates": [
      {
        "id": "thelonewolf0679",
        "name": "thelonewolf0679",
      },
      {
        "id": "lonewolf32",
        "name": "lonewolf32",
      },
      {
        "id": "loneWolf",
        "name": "loneWolf",
      },
      {
        "id": "lonewolf",
        "name": "lonewolf",
      },
      {
        "id": "KunalLoneWolf",
        "name": "KunalLoneWolf",
      },
    ],
    "identifier": "lonewolf",
    "name": "LoneWolf",
  },
  {
    "associates": [
      {
        "id": "Cutefox 999 >///<",
        "name": "Cutefox 999 >///<",
      },
      {
        "id": "nop CuteFox II",
        "name": "nop CuteFox II",
      },
      {
        "id": "D4C CuteFox<3 420",
        "name": "D4C CuteFox<3 420",
      },
      {
        "id": "Lag Deus (Insaneously CuteFox32)",
        "name": "Lag Deus (Insaneously CuteFox32)",
      },
      {
        "id": "Pecky <3 (CuteFox Leader 🦊)",
        "name": "Pecky <3 (CuteFox Leader 🦊)",
      },
      {
        "id": "♡ Zoofy CuteFox003 ᓚᘏᗢ  😊",
        "name": "♡ Zoofy CuteFox003 ᓚᘏᗢ  😊",
      },
      {
        "id": "Milan | CuteFox100",
        "name": "Milan | CuteFox100",
      },
      {
        "id": "Sid | CuteFox 795 🦊",
        "name": "Sid | CuteFox 795 🦊",
      },
      {
        "id": "TTT | Cutefox {010}♡",
        "name": "TTT | Cutefox {010}♡",
      },
      {
        "id": "Swarnim | CuteFox007",
        "name": "Swarnim | CuteFox007",
      },
    ],
    "identifier": "cutefox",
    "name": "CuteFox",
  },
  {
    "associates": [
      {
        "id": "ICaughtUrMomInBedWithMySister",
        "name": "ICaughtUrMomInBedWithMySister",
      },
      {
        "id": "UrMomPingedU",
        "name": "UrMomPingedU",
      },
      {
        "id": "urmomlikesdudes.",
        "name": "urmomlikesdudes.",
      },
      {
        "id": "urmomdoer",
        "name": "urmomdoer",
      },
      {
        "id": "TomUrMom",
        "name": "TomUrMom",
      },
      {
        "id": "urmomdotcom",
        "name": "urmomdotcom",
      },
    ],
    "identifier": "urmom",
    "name": "UrMom",
  },
  {
    "associates": [
      {
        "id": "STEM",
        "name": "STEM",
      },
      {
        "id": "STEM Power",
        "name": "STEM Power",
      },
      {
        "id": "STEM WEB",
        "name": "STEM WEB",
      },
      {
        "id": "STEM",
        "name": "STEM",
      },
      {
        "id": "Pickles | Publisher of STEM.M",
        "name": "Pickles | Publisher of STEM.M",
      },
      {
        "id": "STEM Authentication",
        "name": "STEM Authentication",
      },
    ],
    "identifier": "stem",
    "name": "STEM",
  },
  {
    "associates": [
      {
        "id": "FIA - Adrenaline Rush",
        "name": "FIA - Adrenaline Rush",
      },
      {
        "id": "FIA - Cremation Car",
        "name": "FIA - Cremation Car",
      },
      {
        "id": "FIA - Safety Car",
        "name": "FIA - Safety Car",
      },
      {
        "id": "FIA - Unsafety Car (θεός)",
        "name": "FIA - Unsafety Car (θεός)",
      },
      {
        "id": "FIA - Medical Car ᓚᘏᗢ",
        "name": "FIA - Medical Car ᓚᘏᗢ",
      },
    ],
    "identifier": "fia",
    "name": "FIA",
  },
  {
    "associates": [
      {
        "id": "Gijscoman ᓚᘏᗢ",
        "name": "Gijscoman ᓚᘏᗢ",
      },
      {
        "id": "w4v3 | ᓚᘏᗢ  | 50N1C",
        "name": "w4v3 | ᓚᘏᗢ  | 50N1C",
      },
      {
        "id": "silentassasin ᓚᘏᗢ",
        "name": "silentassasin ᓚᘏᗢ",
      },
      {
        "id": "Biscote ᓚᘏᗢ",
        "name": "Biscote ᓚᘏᗢ",
      },
      {
        "id": "clattanoid ᓚᘏᗢ",
        "name": "clattanoid ᓚᘏᗢ",
      },
      {
        "id": "Franz  | Red Cat Sorceress ᓚᘏᗢ",
        "name": "Franz  | Red Cat Sorceress ᓚᘏᗢ",
      },
      {
        "id": "Jacome Calmei ᓚᘏᗢ",
        "name": "Jacome Calmei ᓚᘏᗢ",
      },
      {
        "id": "Ms. ChiliFlakesᓚᘏᗢ",
        "name": "Ms. ChiliFlakesᓚᘏᗢ",
      },
      {
        "id": "lin ᓚᘏᗢ",
        "name": "lin ᓚᘏᗢ",
      },
      {
        "id": "✨MLEM✨ ᓚᘏᗢ",
        "name": "✨MLEM✨ ᓚᘏᗢ",
      },
      {
        "id": "ANTI-ANTI COMP SCI ᓚᘏᗢ",
        "name": "ANTI-ANTI COMP SCI ᓚᘏᗢ",
      },
      {
        "id": "Twilight ᓚᘏᗢ",
        "name": "Twilight ᓚᘏᗢ",
      },
      {
        "id": "olanui ᓚᘏᗢ",
        "name": "olanui ᓚᘏᗢ",
      },
      {
        "id": "owogy ᓚᘏᗢ",
        "name": "owogy ᓚᘏᗢ",
      },
      {
        "id": "Maxx ᓚᘏᗢ",
        "name": "Maxx ᓚᘏᗢ",
      },
      {
        "id": "Estrella ᓚᘏᗢ",
        "name": "Estrella ᓚᘏᗢ",
      },
      {
        "id": "Reigen ᓚᘏᗢ",
        "name": "Reigen ᓚᘏᗢ",
      },
      {
        "id": "Xpio | Proud Fermatian ᓚᘏᗢ",
        "name": "Xpio | Proud Fermatian ᓚᘏᗢ",
      },
      {
        "id": "Priest ᓚᘏᗢ",
        "name": "Priest ᓚᘏᗢ",
      },
      {
        "id": "Eku ᓚᘏᗢ 🧊😳😳",
        "name": "Eku ᓚᘏᗢ 🧊😳😳",
      },
      {
        "id": "! Ale ᓚᘏᗢ",
        "name": "! Ale ᓚᘏᗢ",
      },
      {
        "id": "CatGregᓚᘏᗢ",
        "name": "CatGregᓚᘏᗢ",
      },
      {
        "id": "Poncho | GothCat013 ᓚᘏᗢ",
        "name": "Poncho | GothCat013 ᓚᘏᗢ",
      },
      {
        "id": "nat ᓚᘏᗢ",
        "name": "nat ᓚᘏᗢ",
      },
      {
        "id": "Wisdyyᓚᘏᗢ",
        "name": "Wisdyyᓚᘏᗢ",
      },
      {
        "id": "euler's favourite nyaᓚᘏᗢ",
        "name": "euler's favourite nyaᓚᘏᗢ",
      },
      {
        "id": "Yukki ᓚᘏᗢ",
        "name": "Yukki ᓚᘏᗢ",
      },
    ],
    "identifier": "ᓚᘏᗢ",
    "name": "ᓚᘏᗢ",
  },
]
`;

exports[`identifyCults 2`] = `
[
  {
    "associates": [
      {
        "id": "M2A FunkyCat",
        "name": "M2A FunkyCat",
      },
    ],
    "identifier": "funkycat",
    "name": "FunkyCat",
  },
  {
    "associates": [
      {
        "id": "Morbing FunkyCow",
        "name": "Morbing FunkyCow",
      },
    ],
    "identifier": "funkycow",
    "name": "FunkyCow",
  },
]
`;
