// Vitest Snapshot v1, https://vitest.dev/guide/snapshot.html

exports[`identifyCults 1`] = `
[
  {
    "associates": [
      {
        "id": "FunkyCat002 ᓚᘏᗢ",
        "name": "FunkyCat002 ᓚᘏᗢ",
        "numeralDiscriminator": null,
      },
      {
        "id": "FunkyCat532 but not really cat",
        "name": "FunkyCat532 but not really cat",
        "numeralDiscriminator": null,
      },
      {
        "id": "boof FunkyCat069 CuteFox069",
        "name": "boof FunkyCat069 CuteFox069",
        "numeralDiscriminator": null,
      },
      {
        "id": "Sparky FunkyCat010⚡",
        "name": "Sparky FunkyCat010⚡",
        "numeralDiscriminator": null,
      },
      {
        "id": "funkycat024",
        "name": "funkycat024",
        "numeralDiscriminator": null,
      },
      {
        "id": "FunkyCatgod420 ᓚᘏᗢ",
        "name": "FunkyCatgod420 ᓚᘏᗢ",
        "numeralDiscriminator": null,
      },
      {
        "id": "FunkyCat006 ᓚᘏᗢ",
        "name": "FunkyCat006 ᓚᘏᗢ",
        "numeralDiscriminator": null,
      },
      {
        "id": "min funkycat042 ᓚᘏᗢ",
        "name": "min funkycat042 ᓚᘏᗢ",
        "numeralDiscriminator": null,
      },
      {
        "id": "Haisong - FunkyCat005 ᓚᘏᗢ",
        "name": "Haisong - FunkyCat005 ᓚᘏᗢ",
        "numeralDiscriminator": null,
      },
      {
        "id": "orchid - FunkyCat203 ᓚᘏᗢ",
        "name": "orchid - FunkyCat203 ᓚᘏᗢ",
        "numeralDiscriminator": null,
      },
      {
        "id": "FunkyCat 690 #UwUMommyToo",
        "name": "FunkyCat 690 #UwUMommyToo",
        "numeralDiscriminator": null,
      },
      {
        "id": "Akitti | FunkyCat013 ᓚᘏᗢ",
        "name": "Akitti | FunkyCat013 ᓚᘏᗢ",
        "numeralDiscriminator": null,
      },
      {
        "id": "psi | FunkyCat 420",
        "name": "psi | FunkyCat 420",
        "numeralDiscriminator": null,
      },
      {
        "id": "Crispy | FunkyCat069 ◕⩊◕",
        "name": "Crispy | FunkyCat069 ◕⩊◕",
        "numeralDiscriminator": null,
      },
      {
        "id": "FunkyCat004 Shork",
        "name": "FunkyCat004 Shork",
        "numeralDiscriminator": null,
      },
      {
        "id": "A.L.I.C.E | FunkyCat871",
        "name": "A.L.I.C.E | FunkyCat871",
        "numeralDiscriminator": null,
      },
      {
        "id": "jupiter the funkycat 0010 ᓚᘏᗢ",
        "name": "jupiter the funkycat 0010 ᓚᘏᗢ",
        "numeralDiscriminator": null,
      },
      {
        "id": "FunkyCat130.5 -Zappkin",
        "name": "FunkyCat130.5 -Zappkin",
        "numeralDiscriminator": null,
      },
      {
        "id": "FunkyCat007 ᓚᘏᗢ",
        "name": "FunkyCat007 ᓚᘏᗢ",
        "numeralDiscriminator": null,
      },
      {
        "id": "Val | FunkyCat(s)044 | DID sys",
        "name": "Val | FunkyCat(s)044 | DID sys",
        "numeralDiscriminator": null,
      },
      {
        "id": "FunkyCat001 ᓚᘏᗢ",
        "name": "FunkyCat001 ᓚᘏᗢ",
        "numeralDiscriminator": null,
      },
      {
        "id": "FunkyCat666 ᓚᘏᗢ",
        "name": "FunkyCat666 ᓚᘏᗢ",
        "numeralDiscriminator": null,
      },
      {
        "id": "ains | funkycat050 ᓚᘏᗢ",
        "name": "ains | funkycat050 ᓚᘏᗢ",
        "numeralDiscriminator": null,
      },
      {
        "id": "FunkyCat009ᓚᘏᗢ",
        "name": "FunkyCat009ᓚᘏᗢ",
        "numeralDiscriminator": null,
      },
      {
        "id": "Funkycat~to2520",
        "name": "Funkycat~to2520",
        "numeralDiscriminator": null,
      },
      {
        "id": "Orbies the FunkyCat023 ᓚᘏᗢ",
        "name": "Orbies the FunkyCat023 ᓚᘏᗢ",
        "numeralDiscriminator": null,
      },
      {
        "id": "chartbit | FunkyCat369 ᓚᘏᗢ",
        "name": "chartbit | FunkyCat369 ᓚᘏᗢ",
        "numeralDiscriminator": null,
      },
    ],
    "identifier": "funkycat",
    "name": "FunkyCat",
  },
  {
    "associates": [
      {
        "id": "Gijscoman ᓚᘏᗢ",
        "name": "Gijscoman ᓚᘏᗢ",
        "numeralDiscriminator": null,
      },
      {
        "id": "w4v3 | ᓚᘏᗢ  | 50N1C",
        "name": "w4v3 | ᓚᘏᗢ  | 50N1C",
        "numeralDiscriminator": null,
      },
      {
        "id": "silentassasin ᓚᘏᗢ",
        "name": "silentassasin ᓚᘏᗢ",
        "numeralDiscriminator": null,
      },
      {
        "id": "Biscote ᓚᘏᗢ",
        "name": "Biscote ᓚᘏᗢ",
        "numeralDiscriminator": null,
      },
      {
        "id": "clattanoid ᓚᘏᗢ",
        "name": "clattanoid ᓚᘏᗢ",
        "numeralDiscriminator": null,
      },
      {
        "id": "Franz  | Red Cat Sorceress ᓚᘏᗢ",
        "name": "Franz  | Red Cat Sorceress ᓚᘏᗢ",
        "numeralDiscriminator": null,
      },
      {
        "id": "Jacome Calmei ᓚᘏᗢ",
        "name": "Jacome Calmei ᓚᘏᗢ",
        "numeralDiscriminator": null,
      },
      {
        "id": "Ms. ChiliFlakesᓚᘏᗢ",
        "name": "Ms. ChiliFlakesᓚᘏᗢ",
        "numeralDiscriminator": null,
      },
      {
        "id": "lin ᓚᘏᗢ",
        "name": "lin ᓚᘏᗢ",
        "numeralDiscriminator": null,
      },
      {
        "id": "✨MLEM✨ ᓚᘏᗢ",
        "name": "✨MLEM✨ ᓚᘏᗢ",
        "numeralDiscriminator": null,
      },
      {
        "id": "ANTI-ANTI COMP SCI ᓚᘏᗢ",
        "name": "ANTI-ANTI COMP SCI ᓚᘏᗢ",
        "numeralDiscriminator": null,
      },
      {
        "id": "Twilight ᓚᘏᗢ",
        "name": "Twilight ᓚᘏᗢ",
        "numeralDiscriminator": null,
      },
      {
        "id": "olanui ᓚᘏᗢ",
        "name": "olanui ᓚᘏᗢ",
        "numeralDiscriminator": null,
      },
      {
        "id": "owogy ᓚᘏᗢ",
        "name": "owogy ᓚᘏᗢ",
        "numeralDiscriminator": null,
      },
      {
        "id": "Maxx ᓚᘏᗢ",
        "name": "Maxx ᓚᘏᗢ",
        "numeralDiscriminator": null,
      },
      {
        "id": "Estrella ᓚᘏᗢ",
        "name": "Estrella ᓚᘏᗢ",
        "numeralDiscriminator": null,
      },
      {
        "id": "♡ Zoofy CuteFox003 ᓚᘏᗢ  😊",
        "name": "♡ Zoofy CuteFox003 ᓚᘏᗢ  😊",
        "numeralDiscriminator": null,
      },
      {
        "id": "Reigen ᓚᘏᗢ",
        "name": "Reigen ᓚᘏᗢ",
        "numeralDiscriminator": null,
      },
      {
        "id": "Xpio | Proud Fermatian ᓚᘏᗢ",
        "name": "Xpio | Proud Fermatian ᓚᘏᗢ",
        "numeralDiscriminator": null,
      },
      {
        "id": "Priest ᓚᘏᗢ",
        "name": "Priest ᓚᘏᗢ",
        "numeralDiscriminator": null,
      },
      {
        "id": "Eku ᓚᘏᗢ 🧊😳😳",
        "name": "Eku ᓚᘏᗢ 🧊😳😳",
        "numeralDiscriminator": null,
      },
      {
        "id": "! Ale ᓚᘏᗢ",
        "name": "! Ale ᓚᘏᗢ",
        "numeralDiscriminator": null,
      },
      {
        "id": "CatGregᓚᘏᗢ",
        "name": "CatGregᓚᘏᗢ",
        "numeralDiscriminator": null,
      },
      {
        "id": "Poncho | GothCat013 ᓚᘏᗢ",
        "name": "Poncho | GothCat013 ᓚᘏᗢ",
        "numeralDiscriminator": null,
      },
      {
        "id": "nat ᓚᘏᗢ",
        "name": "nat ᓚᘏᗢ",
        "numeralDiscriminator": null,
      },
      {
        "id": "FIA - Medical Car ᓚᘏᗢ",
        "name": "FIA - Medical Car ᓚᘏᗢ",
        "numeralDiscriminator": null,
      },
      {
        "id": "Wisdyyᓚᘏᗢ",
        "name": "Wisdyyᓚᘏᗢ",
        "numeralDiscriminator": null,
      },
      {
        "id": "euler's favourite nyaᓚᘏᗢ",
        "name": "euler's favourite nyaᓚᘏᗢ",
        "numeralDiscriminator": null,
      },
      {
        "id": "Yukki ᓚᘏᗢ",
        "name": "Yukki ᓚᘏᗢ",
        "numeralDiscriminator": null,
      },
    ],
    "identifier": "ᓚᘏᗢ",
    "name": "ᓚᘏᗢ",
  },
  {
    "associates": [
      {
        "id": "Cutefox 999 >///<",
        "name": "Cutefox 999 >///<",
        "numeralDiscriminator": null,
      },
      {
        "id": "nop CuteFox II",
        "name": "nop CuteFox II",
        "numeralDiscriminator": null,
      },
      {
        "id": "D4C CuteFox<3 420",
        "name": "D4C CuteFox<3 420",
        "numeralDiscriminator": null,
      },
      {
        "id": "Lag Deus (Insaneously CuteFox32)",
        "name": "Lag Deus (Insaneously CuteFox32)",
        "numeralDiscriminator": null,
      },
      {
        "id": "Pecky <3 (CuteFox Leader 🦊)",
        "name": "Pecky <3 (CuteFox Leader 🦊)",
        "numeralDiscriminator": null,
      },
      {
        "id": "Milan | CuteFox100",
        "name": "Milan | CuteFox100",
        "numeralDiscriminator": null,
      },
      {
        "id": "Sid | CuteFox 795 🦊",
        "name": "Sid | CuteFox 795 🦊",
        "numeralDiscriminator": null,
      },
      {
        "id": "TTT | Cutefox {010}♡",
        "name": "TTT | Cutefox {010}♡",
        "numeralDiscriminator": null,
      },
      {
        "id": "Swarnim | CuteFox007",
        "name": "Swarnim | CuteFox007",
        "numeralDiscriminator": null,
      },
    ],
    "identifier": "cutefox",
    "name": "CuteFox",
  },
  {
    "associates": [
      {
        "id": "stemer.net",
        "name": "stemer.net",
        "numeralDiscriminator": null,
      },
      {
        "id": "STEM",
        "name": "STEM",
        "numeralDiscriminator": null,
      },
      {
        "id": "chemstem249",
        "name": "chemstem249",
        "numeralDiscriminator": null,
      },
      {
        "id": "jacob_loves_stem",
        "name": "jacob_loves_stem",
        "numeralDiscriminator": null,
      },
      {
        "id": "stemmaester",
        "name": "stemmaester",
        "numeralDiscriminator": null,
      },
      {
        "id": "STEMShield",
        "name": "STEMShield",
        "numeralDiscriminator": null,
      },
      {
        "id": "highlevelsystem",
        "name": "highlevelsystem",
        "numeralDiscriminator": null,
      },
      {
        "id": "thisnewsystemisgay",
        "name": "thisnewsystemisgay",
        "numeralDiscriminator": null,
      },
      {
        "id": "STEM Power",
        "name": "STEM Power",
        "numeralDiscriminator": null,
      },
      {
        "id": "FarkasSTEM",
        "name": "FarkasSTEM",
        "numeralDiscriminator": null,
      },
      {
        "id": "STEM WEB",
        "name": "STEM WEB",
        "numeralDiscriminator": null,
      },
      {
        "id": "visit stem.help",
        "name": "visit stem.help",
        "numeralDiscriminator": null,
      },
      {
        "id": "stemaccount",
        "name": "stemaccount",
        "numeralDiscriminator": null,
      },
      {
        "id": "STEM",
        "name": "STEM",
        "numeralDiscriminator": null,
      },
      {
        "id": "thebigsadSTEM",
        "name": "thebigsadSTEM",
        "numeralDiscriminator": null,
      },
      {
        "id": "STEM?",
        "name": "STEM?",
        "numeralDiscriminator": null,
      },
      {
        "id": "Pickles | Publisher of STEM.M",
        "name": "Pickles | Publisher of STEM.M",
        "numeralDiscriminator": null,
      },
      {
        "id": "itsjustemiry",
        "name": "itsjustemiry",
        "numeralDiscriminator": null,
      },
      {
        "id": "STEM Authentication",
        "name": "STEM Authentication",
        "numeralDiscriminator": null,
      },
      {
        "id": "secret.system",
        "name": "secret.system",
        "numeralDiscriminator": null,
      },
      {
        "id": "systemsculptor",
        "name": "systemsculptor",
        "numeralDiscriminator": null,
      },
    ],
    "identifier": "stem",
    "name": "Stem",
  },
  {
    "associates": [
      {
        "id": "FunkyCow ♡MooMoo♡",
        "name": "FunkyCow ♡MooMoo♡",
        "numeralDiscriminator": null,
      },
      {
        "id": "FunkyCow69",
        "name": "FunkyCow69",
        "numeralDiscriminator": null,
      },
      {
        "id": "FunkyCow Naekk",
        "name": "FunkyCow Naekk",
        "numeralDiscriminator": null,
      },
      {
        "id": "FunkyCow623",
        "name": "FunkyCow623",
        "numeralDiscriminator": null,
      },
      {
        "id": "FunkyCow(h)",
        "name": "FunkyCow(h)",
        "numeralDiscriminator": null,
      },
      {
        "id": "FunkyCow 690 (M2A) #UrMomToo",
        "name": "FunkyCow 690 (M2A) #UrMomToo",
        "numeralDiscriminator": null,
      },
      {
        "id": "FunkyCow709",
        "name": "FunkyCow709",
        "numeralDiscriminator": null,
      },
    ],
    "identifier": "funkycow",
    "name": "FunkyCow",
  },
]
`;

exports[`identifyCults 2`] = `
[
  {
    "associates": [
      {
        "id": "M2A FunkyCat",
        "name": "M2A FunkyCat",
        "numeralDiscriminator": null,
      },
    ],
    "identifier": "funkycat",
    "name": "FunkyCat",
  },
  {
    "associates": [
      {
        "id": "Morbing FunkyCow",
        "name": "Morbing FunkyCow",
        "numeralDiscriminator": null,
      },
    ],
    "identifier": "funkycow",
    "name": "FunkyCow",
  },
]
`;
